2024-11-19 17:13:57,216 - konomi.utils.directory_manager - INFO - Created directory structure at /tmp/tmp_kmme2rk
2024-11-19 17:13:57,218 - konomi.utils.directory_manager - INFO - Exported template to /tmp/tmpnxk9cuwx/template.json
2024-11-19 17:13:57,218 - konomi.utils.directory_manager - INFO - Exported template to /tmp/tmpnxk9cuwx/template.json
2024-11-19 17:13:57,218 - konomi.utils.directory_manager - INFO - Imported template from /tmp/tmpnxk9cuwx/template.json
2024-11-19 17:13:57,218 - konomi.utils.directory_manager - INFO - Imported template from /tmp/tmpnxk9cuwx/template.json
2024-11-19 17:13:57,218 - konomi.utils.directory_manager - INFO - Created directory structure at /tmp/tmpnxk9cuwx
2024-11-19 17:13:57,218 - konomi.utils.directory_manager - INFO - Created directory structure at /tmp/tmpnxk9cuwx
2024-11-19 17:13:57,220 - konomi.utils.directory_manager - INFO - Created directory structure at /tmp/tmptrwbqqx0
2024-11-19 17:13:57,220 - konomi.utils.directory_manager - INFO - Created directory structure at /tmp/tmptrwbqqx0
2024-11-19 17:13:57,220 - konomi.utils.directory_manager - INFO - Created directory structure at /tmp/tmptrwbqqx0
2024-11-19 17:13:57,221 - konomi.utils.directory_manager - INFO - Created directory structure at /tmp/tmphow5hkpq
2024-11-19 17:13:57,221 - konomi.utils.directory_manager - INFO - Created directory structure at /tmp/tmphow5hkpq
2024-11-19 17:13:57,221 - konomi.utils.directory_manager - INFO - Created directory structure at /tmp/tmphow5hkpq
2024-11-19 17:13:57,221 - konomi.utils.directory_manager - INFO - Created directory structure at /tmp/tmphow5hkpq
2024-11-19 17:13:57,222 - konomi.utils.directory_manager - INFO - Listed directory contents at /tmp/tmphow5hkpq
2024-11-19 17:13:57,222 - konomi.utils.directory_manager - INFO - Listed directory contents at /tmp/tmphow5hkpq
2024-11-19 17:13:57,222 - konomi.utils.directory_manager - INFO - Listed directory contents at /tmp/tmphow5hkpq
2024-11-19 17:13:57,222 - konomi.utils.directory_manager - INFO - Listed directory contents at /tmp/tmphow5hkpq
2024-11-19 17:13:57,224 - konomi.utils.directory_manager - INFO - Created directory structure at /tmp/tmpyf9h_dqn
2024-11-19 17:13:57,224 - konomi.utils.directory_manager - INFO - Created directory structure at /tmp/tmpyf9h_dqn
2024-11-19 17:13:57,224 - konomi.utils.directory_manager - INFO - Created directory structure at /tmp/tmpyf9h_dqn
2024-11-19 17:13:57,224 - konomi.utils.directory_manager - INFO - Created directory structure at /tmp/tmpyf9h_dqn
2024-11-19 17:13:57,224 - konomi.utils.directory_manager - INFO - Created directory structure at /tmp/tmpyf9h_dqn
2024-11-19 17:13:57,224 - konomi.utils.directory_manager - INFO - Listed directory contents at /tmp/tmpyf9h_dqn
2024-11-19 17:13:57,224 - konomi.utils.directory_manager - INFO - Listed directory contents at /tmp/tmpyf9h_dqn
2024-11-19 17:13:57,224 - konomi.utils.directory_manager - INFO - Listed directory contents at /tmp/tmpyf9h_dqn
2024-11-19 17:13:57,224 - konomi.utils.directory_manager - INFO - Listed directory contents at /tmp/tmpyf9h_dqn
2024-11-19 17:13:57,224 - konomi.utils.directory_manager - INFO - Listed directory contents at /tmp/tmpyf9h_dqn
2024-11-19 17:13:57,224 - konomi.utils.directory_manager - INFO - Cleared operation history
2024-11-19 17:13:57,224 - konomi.utils.directory_manager - INFO - Cleared operation history
2024-11-19 17:13:57,224 - konomi.utils.directory_manager - INFO - Cleared operation history
2024-11-19 17:13:57,224 - konomi.utils.directory_manager - INFO - Cleared operation history
2024-11-19 17:13:57,224 - konomi.utils.directory_manager - INFO - Cleared operation history
2024-11-19 17:13:57,226 - konomi.utils.directory_manager - INFO - Removed structure at /tmp/tmphxxzmi19/test_dir
2024-11-19 17:13:57,226 - konomi.utils.directory_manager - INFO - Removed structure at /tmp/tmphxxzmi19/test_dir
2024-11-19 17:13:57,226 - konomi.utils.directory_manager - INFO - Removed structure at /tmp/tmphxxzmi19/test_dir
2024-11-19 17:13:57,226 - konomi.utils.directory_manager - INFO - Removed structure at /tmp/tmphxxzmi19/test_dir
2024-11-19 17:13:57,226 - konomi.utils.directory_manager - INFO - Removed structure at /tmp/tmphxxzmi19/test_dir
2024-11-19 17:13:57,226 - konomi.utils.directory_manager - INFO - Removed structure at /tmp/tmphxxzmi19/test_dir
2024-11-19 17:14:06,678 - konomi.utils.directory_manager - INFO - Created directory structure at /tmp/tmpyh_v9x9s
2024-11-19 17:14:06,681 - konomi.utils.directory_manager - INFO - Exported template to /tmp/tmpga2xvtrm/template.json
2024-11-19 17:14:06,681 - konomi.utils.directory_manager - INFO - Exported template to /tmp/tmpga2xvtrm/template.json
2024-11-19 17:14:06,682 - konomi.utils.directory_manager - INFO - Imported template from /tmp/tmpga2xvtrm/template.json
2024-11-19 17:14:06,682 - konomi.utils.directory_manager - INFO - Imported template from /tmp/tmpga2xvtrm/template.json
2024-11-19 17:14:06,682 - konomi.utils.directory_manager - INFO - Created directory structure at /tmp/tmpga2xvtrm
2024-11-19 17:14:06,682 - konomi.utils.directory_manager - INFO - Created directory structure at /tmp/tmpga2xvtrm
2024-11-19 17:14:06,684 - konomi.utils.directory_manager - INFO - Created directory structure at /tmp/tmp8szcnmi8
2024-11-19 17:14:06,684 - konomi.utils.directory_manager - INFO - Created directory structure at /tmp/tmp8szcnmi8
2024-11-19 17:14:06,684 - konomi.utils.directory_manager - INFO - Created directory structure at /tmp/tmp8szcnmi8
2024-11-19 17:14:06,686 - konomi.utils.directory_manager - INFO - Created directory structure at /tmp/tmpyn_moa5o
2024-11-19 17:14:06,686 - konomi.utils.directory_manager - INFO - Created directory structure at /tmp/tmpyn_moa5o
2024-11-19 17:14:06,686 - konomi.utils.directory_manager - INFO - Created directory structure at /tmp/tmpyn_moa5o
2024-11-19 17:14:06,686 - konomi.utils.directory_manager - INFO - Created directory structure at /tmp/tmpyn_moa5o
2024-11-19 17:14:06,686 - konomi.utils.directory_manager - INFO - Listed directory contents at /tmp/tmpyn_moa5o
2024-11-19 17:14:06,686 - konomi.utils.directory_manager - INFO - Listed directory contents at /tmp/tmpyn_moa5o
2024-11-19 17:14:06,686 - konomi.utils.directory_manager - INFO - Listed directory contents at /tmp/tmpyn_moa5o
2024-11-19 17:14:06,686 - konomi.utils.directory_manager - INFO - Listed directory contents at /tmp/tmpyn_moa5o
2024-11-19 17:14:06,688 - konomi.utils.directory_manager - INFO - Created directory structure at /tmp/tmpm1fbcmgc
2024-11-19 17:14:06,688 - konomi.utils.directory_manager - INFO - Created directory structure at /tmp/tmpm1fbcmgc
2024-11-19 17:14:06,688 - konomi.utils.directory_manager - INFO - Created directory structure at /tmp/tmpm1fbcmgc
2024-11-19 17:14:06,688 - konomi.utils.directory_manager - INFO - Created directory structure at /tmp/tmpm1fbcmgc
2024-11-19 17:14:06,688 - konomi.utils.directory_manager - INFO - Created directory structure at /tmp/tmpm1fbcmgc
2024-11-19 17:14:06,689 - konomi.utils.directory_manager - INFO - Listed directory contents at /tmp/tmpm1fbcmgc
2024-11-19 17:14:06,689 - konomi.utils.directory_manager - INFO - Listed directory contents at /tmp/tmpm1fbcmgc
2024-11-19 17:14:06,689 - konomi.utils.directory_manager - INFO - Listed directory contents at /tmp/tmpm1fbcmgc
2024-11-19 17:14:06,689 - konomi.utils.directory_manager - INFO - Listed directory contents at /tmp/tmpm1fbcmgc
2024-11-19 17:14:06,689 - konomi.utils.directory_manager - INFO - Listed directory contents at /tmp/tmpm1fbcmgc
2024-11-19 17:14:06,689 - konomi.utils.directory_manager - INFO - Cleared operation history
2024-11-19 17:14:06,689 - konomi.utils.directory_manager - INFO - Cleared operation history
2024-11-19 17:14:06,689 - konomi.utils.directory_manager - INFO - Cleared operation history
2024-11-19 17:14:06,689 - konomi.utils.directory_manager - INFO - Cleared operation history
2024-11-19 17:14:06,689 - konomi.utils.directory_manager - INFO - Cleared operation history
2024-11-19 17:14:06,691 - konomi.utils.directory_manager - INFO - Removed structure at /tmp/tmphv0gv_u_/test_dir
2024-11-19 17:14:06,691 - konomi.utils.directory_manager - INFO - Removed structure at /tmp/tmphv0gv_u_/test_dir
2024-11-19 17:14:06,691 - konomi.utils.directory_manager - INFO - Removed structure at /tmp/tmphv0gv_u_/test_dir
2024-11-19 17:14:06,691 - konomi.utils.directory_manager - INFO - Removed structure at /tmp/tmphv0gv_u_/test_dir
2024-11-19 17:14:06,691 - konomi.utils.directory_manager - INFO - Removed structure at /tmp/tmphv0gv_u_/test_dir
2024-11-19 17:14:06,691 - konomi.utils.directory_manager - INFO - Removed structure at /tmp/tmphv0gv_u_/test_dir
2024-11-19 17:14:09,454 - konomi.utils.directory_manager - INFO - Created directory structure at /tmp/tmpm0zn30fx
2024-11-19 17:14:09,456 - konomi.utils.directory_manager - INFO - Exported template to /tmp/tmp57e2ebpx/template.json
2024-11-19 17:14:09,456 - konomi.utils.directory_manager - INFO - Exported template to /tmp/tmp57e2ebpx/template.json
2024-11-19 17:14:09,456 - konomi.utils.directory_manager - INFO - Imported template from /tmp/tmp57e2ebpx/template.json
2024-11-19 17:14:09,456 - konomi.utils.directory_manager - INFO - Imported template from /tmp/tmp57e2ebpx/template.json
2024-11-19 17:14:09,456 - konomi.utils.directory_manager - INFO - Created directory structure at /tmp/tmp57e2ebpx
2024-11-19 17:14:09,456 - konomi.utils.directory_manager - INFO - Created directory structure at /tmp/tmp57e2ebpx
2024-11-19 17:14:09,458 - konomi.utils.directory_manager - INFO - Created directory structure at /tmp/tmpoc6stp09
2024-11-19 17:14:09,458 - konomi.utils.directory_manager - INFO - Created directory structure at /tmp/tmpoc6stp09
2024-11-19 17:14:09,458 - konomi.utils.directory_manager - INFO - Created directory structure at /tmp/tmpoc6stp09
2024-11-19 17:14:09,460 - konomi.utils.directory_manager - INFO - Created directory structure at /tmp/tmpk3udf0dl
2024-11-19 17:14:09,460 - konomi.utils.directory_manager - INFO - Created directory structure at /tmp/tmpk3udf0dl
2024-11-19 17:14:09,460 - konomi.utils.directory_manager - INFO - Created directory structure at /tmp/tmpk3udf0dl
2024-11-19 17:14:09,460 - konomi.utils.directory_manager - INFO - Created directory structure at /tmp/tmpk3udf0dl
2024-11-19 17:14:09,460 - konomi.utils.directory_manager - INFO - Listed directory contents at /tmp/tmpk3udf0dl
2024-11-19 17:14:09,460 - konomi.utils.directory_manager - INFO - Listed directory contents at /tmp/tmpk3udf0dl
2024-11-19 17:14:09,460 - konomi.utils.directory_manager - INFO - Listed directory contents at /tmp/tmpk3udf0dl
2024-11-19 17:14:09,460 - konomi.utils.directory_manager - INFO - Listed directory contents at /tmp/tmpk3udf0dl
2024-11-19 17:14:09,461 - konomi.utils.directory_manager - INFO - Created directory structure at /tmp/tmp2bniustz
2024-11-19 17:14:09,461 - konomi.utils.directory_manager - INFO - Created directory structure at /tmp/tmp2bniustz
2024-11-19 17:14:09,461 - konomi.utils.directory_manager - INFO - Created directory structure at /tmp/tmp2bniustz
2024-11-19 17:14:09,461 - konomi.utils.directory_manager - INFO - Created directory structure at /tmp/tmp2bniustz
2024-11-19 17:14:09,461 - konomi.utils.directory_manager - INFO - Created directory structure at /tmp/tmp2bniustz
2024-11-19 17:14:09,462 - konomi.utils.directory_manager - INFO - Listed directory contents at /tmp/tmp2bniustz
2024-11-19 17:14:09,462 - konomi.utils.directory_manager - INFO - Listed directory contents at /tmp/tmp2bniustz
2024-11-19 17:14:09,462 - konomi.utils.directory_manager - INFO - Listed directory contents at /tmp/tmp2bniustz
2024-11-19 17:14:09,462 - konomi.utils.directory_manager - INFO - Listed directory contents at /tmp/tmp2bniustz
2024-11-19 17:14:09,462 - konomi.utils.directory_manager - INFO - Listed directory contents at /tmp/tmp2bniustz
2024-11-19 17:14:09,462 - konomi.utils.directory_manager - INFO - Cleared operation history
2024-11-19 17:14:09,462 - konomi.utils.directory_manager - INFO - Cleared operation history
2024-11-19 17:14:09,462 - konomi.utils.directory_manager - INFO - Cleared operation history
2024-11-19 17:14:09,462 - konomi.utils.directory_manager - INFO - Cleared operation history
2024-11-19 17:14:09,462 - konomi.utils.directory_manager - INFO - Cleared operation history
2024-11-19 17:14:09,463 - konomi.utils.directory_manager - INFO - Removed structure at /tmp/tmp_6btamz3/test_dir
2024-11-19 17:14:09,463 - konomi.utils.directory_manager - INFO - Removed structure at /tmp/tmp_6btamz3/test_dir
2024-11-19 17:14:09,463 - konomi.utils.directory_manager - INFO - Removed structure at /tmp/tmp_6btamz3/test_dir
2024-11-19 17:14:09,463 - konomi.utils.directory_manager - INFO - Removed structure at /tmp/tmp_6btamz3/test_dir
2024-11-19 17:14:09,463 - konomi.utils.directory_manager - INFO - Removed structure at /tmp/tmp_6btamz3/test_dir
2024-11-19 17:14:09,463 - konomi.utils.directory_manager - INFO - Removed structure at /tmp/tmp_6btamz3/test_dir
2024-11-19 21:28:43,150 - konomi.utils.directory_manager - INFO - Created directory structure at /tmp/tmpxo450jhu
2024-11-19 21:28:43,163 - konomi.utils.directory_manager - INFO - Exported template to /tmp/tmpaqwd4v9y/template.json
2024-11-19 21:28:43,163 - konomi.utils.directory_manager - INFO - Exported template to /tmp/tmpaqwd4v9y/template.json
2024-11-19 21:28:43,163 - konomi.utils.directory_manager - INFO - Imported template from /tmp/tmpaqwd4v9y/template.json
2024-11-19 21:28:43,163 - konomi.utils.directory_manager - INFO - Imported template from /tmp/tmpaqwd4v9y/template.json
2024-11-19 21:28:43,163 - konomi.utils.directory_manager - INFO - Created directory structure at /tmp/tmpaqwd4v9y
2024-11-19 21:28:43,163 - konomi.utils.directory_manager - INFO - Created directory structure at /tmp/tmpaqwd4v9y
2024-11-19 21:28:43,165 - konomi.utils.directory_manager - INFO - Created directory structure at /tmp/tmptka1y08k
2024-11-19 21:28:43,165 - konomi.utils.directory_manager - INFO - Created directory structure at /tmp/tmptka1y08k
2024-11-19 21:28:43,165 - konomi.utils.directory_manager - INFO - Created directory structure at /tmp/tmptka1y08k
2024-11-19 21:28:43,167 - konomi.utils.directory_manager - INFO - Created directory structure at /tmp/tmpt394_s5j
2024-11-19 21:28:43,167 - konomi.utils.directory_manager - INFO - Created directory structure at /tmp/tmpt394_s5j
2024-11-19 21:28:43,167 - konomi.utils.directory_manager - INFO - Created directory structure at /tmp/tmpt394_s5j
2024-11-19 21:28:43,167 - konomi.utils.directory_manager - INFO - Created directory structure at /tmp/tmpt394_s5j
2024-11-19 21:28:43,167 - konomi.utils.directory_manager - INFO - Listed directory contents at /tmp/tmpt394_s5j
2024-11-19 21:28:43,167 - konomi.utils.directory_manager - INFO - Listed directory contents at /tmp/tmpt394_s5j
2024-11-19 21:28:43,167 - konomi.utils.directory_manager - INFO - Listed directory contents at /tmp/tmpt394_s5j
2024-11-19 21:28:43,167 - konomi.utils.directory_manager - INFO - Listed directory contents at /tmp/tmpt394_s5j
2024-11-19 21:28:43,169 - konomi.utils.directory_manager - INFO - Created directory structure at /tmp/tmpea2hb9qk
2024-11-19 21:28:43,169 - konomi.utils.directory_manager - INFO - Created directory structure at /tmp/tmpea2hb9qk
2024-11-19 21:28:43,169 - konomi.utils.directory_manager - INFO - Created directory structure at /tmp/tmpea2hb9qk
2024-11-19 21:28:43,169 - konomi.utils.directory_manager - INFO - Created directory structure at /tmp/tmpea2hb9qk
2024-11-19 21:28:43,169 - konomi.utils.directory_manager - INFO - Created directory structure at /tmp/tmpea2hb9qk
2024-11-19 21:28:43,170 - konomi.utils.directory_manager - INFO - Listed directory contents at /tmp/tmpea2hb9qk
2024-11-19 21:28:43,170 - konomi.utils.directory_manager - INFO - Listed directory contents at /tmp/tmpea2hb9qk
2024-11-19 21:28:43,170 - konomi.utils.directory_manager - INFO - Listed directory contents at /tmp/tmpea2hb9qk
2024-11-19 21:28:43,170 - konomi.utils.directory_manager - INFO - Listed directory contents at /tmp/tmpea2hb9qk
2024-11-19 21:28:43,170 - konomi.utils.directory_manager - INFO - Listed directory contents at /tmp/tmpea2hb9qk
2024-11-19 21:28:43,170 - konomi.utils.directory_manager - INFO - Cleared operation history
2024-11-19 21:28:43,170 - konomi.utils.directory_manager - INFO - Cleared operation history
2024-11-19 21:28:43,170 - konomi.utils.directory_manager - INFO - Cleared operation history
2024-11-19 21:28:43,170 - konomi.utils.directory_manager - INFO - Cleared operation history
2024-11-19 21:28:43,170 - konomi.utils.directory_manager - INFO - Cleared operation history
2024-11-19 21:28:43,171 - konomi.utils.directory_manager - INFO - Removed structure at /tmp/tmpz8n8ygli/test_dir
2024-11-19 21:28:43,171 - konomi.utils.directory_manager - INFO - Removed structure at /tmp/tmpz8n8ygli/test_dir
2024-11-19 21:28:43,171 - konomi.utils.directory_manager - INFO - Removed structure at /tmp/tmpz8n8ygli/test_dir
2024-11-19 21:28:43,171 - konomi.utils.directory_manager - INFO - Removed structure at /tmp/tmpz8n8ygli/test_dir
2024-11-19 21:28:43,171 - konomi.utils.directory_manager - INFO - Removed structure at /tmp/tmpz8n8ygli/test_dir
2024-11-19 21:28:43,171 - konomi.utils.directory_manager - INFO - Removed structure at /tmp/tmpz8n8ygli/test_dir
2024-11-19 21:28:47,304 - konomi.utils.directory_manager - INFO - Created directory structure at /tmp/tmpbou1xaqf
2024-11-19 21:28:47,304 - konomi.utils.directory_manager - INFO - Created directory structure at /tmp/tmpbou1xaqf
2024-11-19 21:28:47,307 - konomi.utils.directory_manager - INFO - Exported template to /tmp/tmpbou1xaqf/structure.json
2024-11-19 21:28:47,307 - konomi.utils.directory_manager - INFO - Exported template to /tmp/tmpbou1xaqf/structure.json
2024-11-19 21:28:47,308 - konomi.utils.directory_manager - INFO - Imported template from /tmp/tmpbou1xaqf/structure.json
2024-11-19 21:28:47,308 - konomi.utils.directory_manager - INFO - Imported template from /tmp/tmpbou1xaqf/structure.json
2024-11-19 21:30:17,592 - konomi.utils.directory_manager - INFO - Created directory structure at /tmp/tmp_n4tghkw
2024-11-19 21:30:17,592 - konomi.utils.directory_manager - INFO - Created directory structure at /tmp/tmp_n4tghkw
2024-11-19 21:30:17,594 - konomi.utils.directory_manager - INFO - Exported template to /tmp/tmp_n4tghkw/structure.json
2024-11-19 21:30:17,594 - konomi.utils.directory_manager - INFO - Exported template to /tmp/tmp_n4tghkw/structure.json
2024-11-19 21:30:17,594 - konomi.utils.directory_manager - INFO - Imported template from /tmp/tmp_n4tghkw/structure.json
2024-11-19 21:30:17,594 - konomi.utils.directory_manager - INFO - Imported template from /tmp/tmp_n4tghkw/structure.json
2024-11-19 21:31:42,840 - konomi.utils.directory_manager - INFO - Created directory structure at /tmp/tmpl2rw6kma
2024-11-19 21:31:42,840 - konomi.utils.directory_manager - INFO - Created directory structure at /tmp/tmpl2rw6kma
2024-11-19 21:31:42,844 - konomi.utils.directory_manager - INFO - Exported template to /tmp/tmpl2rw6kma/structure.json
2024-11-19 21:31:42,844 - konomi.utils.directory_manager - INFO - Exported template to /tmp/tmpl2rw6kma/structure.json
2024-11-19 21:31:42,845 - konomi.utils.directory_manager - INFO - Imported template from /tmp/tmpl2rw6kma/structure.json
2024-11-19 21:31:42,845 - konomi.utils.directory_manager - INFO - Imported template from /tmp/tmpl2rw6kma/structure.json
2024-11-20 12:22:08,620 - konomi.utils.directory_manager - INFO - Created directory structure at /tmp/tmpkq2zq525
2024-11-20 12:22:08,634 - konomi.utils.directory_manager - INFO - Exported template to /tmp/tmpx8leon8i/template.json
2024-11-20 12:22:08,634 - konomi.utils.directory_manager - INFO - Exported template to /tmp/tmpx8leon8i/template.json
2024-11-20 12:22:08,634 - konomi.utils.directory_manager - INFO - Imported template from /tmp/tmpx8leon8i/template.json
2024-11-20 12:22:08,634 - konomi.utils.directory_manager - INFO - Imported template from /tmp/tmpx8leon8i/template.json
2024-11-20 12:22:08,634 - konomi.utils.directory_manager - INFO - Created directory structure at /tmp/tmpx8leon8i
2024-11-20 12:22:08,634 - konomi.utils.directory_manager - INFO - Created directory structure at /tmp/tmpx8leon8i
2024-11-20 12:22:08,636 - konomi.utils.directory_manager - INFO - Created directory structure at /tmp/tmptacwlsvm
2024-11-20 12:22:08,636 - konomi.utils.directory_manager - INFO - Created directory structure at /tmp/tmptacwlsvm
2024-11-20 12:22:08,636 - konomi.utils.directory_manager - INFO - Created directory structure at /tmp/tmptacwlsvm
2024-11-20 12:22:08,642 - konomi.utils.directory_manager - INFO - Created directory structure at /tmp/tmpgkj2tf5o
2024-11-20 12:22:08,642 - konomi.utils.directory_manager - INFO - Created directory structure at /tmp/tmpgkj2tf5o
2024-11-20 12:22:08,642 - konomi.utils.directory_manager - INFO - Created directory structure at /tmp/tmpgkj2tf5o
2024-11-20 12:22:08,642 - konomi.utils.directory_manager - INFO - Created directory structure at /tmp/tmpgkj2tf5o
2024-11-20 12:22:08,643 - konomi.utils.directory_manager - INFO - Listed directory contents at /tmp/tmpgkj2tf5o
2024-11-20 12:22:08,643 - konomi.utils.directory_manager - INFO - Listed directory contents at /tmp/tmpgkj2tf5o
2024-11-20 12:22:08,643 - konomi.utils.directory_manager - INFO - Listed directory contents at /tmp/tmpgkj2tf5o
2024-11-20 12:22:08,643 - konomi.utils.directory_manager - INFO - Listed directory contents at /tmp/tmpgkj2tf5o
2024-11-20 12:22:08,645 - konomi.utils.directory_manager - INFO - Created directory structure at /tmp/tmp558s_hg7
2024-11-20 12:22:08,645 - konomi.utils.directory_manager - INFO - Created directory structure at /tmp/tmp558s_hg7
2024-11-20 12:22:08,645 - konomi.utils.directory_manager - INFO - Created directory structure at /tmp/tmp558s_hg7
2024-11-20 12:22:08,645 - konomi.utils.directory_manager - INFO - Created directory structure at /tmp/tmp558s_hg7
2024-11-20 12:22:08,645 - konomi.utils.directory_manager - INFO - Created directory structure at /tmp/tmp558s_hg7
2024-11-20 12:22:08,645 - konomi.utils.directory_manager - INFO - Listed directory contents at /tmp/tmp558s_hg7
2024-11-20 12:22:08,645 - konomi.utils.directory_manager - INFO - Listed directory contents at /tmp/tmp558s_hg7
2024-11-20 12:22:08,645 - konomi.utils.directory_manager - INFO - Listed directory contents at /tmp/tmp558s_hg7
2024-11-20 12:22:08,645 - konomi.utils.directory_manager - INFO - Listed directory contents at /tmp/tmp558s_hg7
2024-11-20 12:22:08,645 - konomi.utils.directory_manager - INFO - Listed directory contents at /tmp/tmp558s_hg7
2024-11-20 12:22:08,646 - konomi.utils.directory_manager - INFO - Cleared operation history
2024-11-20 12:22:08,646 - konomi.utils.directory_manager - INFO - Cleared operation history
2024-11-20 12:22:08,646 - konomi.utils.directory_manager - INFO - Cleared operation history
2024-11-20 12:22:08,646 - konomi.utils.directory_manager - INFO - Cleared operation history
2024-11-20 12:22:08,646 - konomi.utils.directory_manager - INFO - Cleared operation history
2024-11-20 12:22:08,648 - konomi.utils.directory_manager - INFO - Removed structure at /tmp/tmpmnby3whi/test_dir
2024-11-20 12:22:08,648 - konomi.utils.directory_manager - INFO - Removed structure at /tmp/tmpmnby3whi/test_dir
2024-11-20 12:22:08,648 - konomi.utils.directory_manager - INFO - Removed structure at /tmp/tmpmnby3whi/test_dir
2024-11-20 12:22:08,648 - konomi.utils.directory_manager - INFO - Removed structure at /tmp/tmpmnby3whi/test_dir
2024-11-20 12:22:08,648 - konomi.utils.directory_manager - INFO - Removed structure at /tmp/tmpmnby3whi/test_dir
2024-11-20 12:22:08,648 - konomi.utils.directory_manager - INFO - Removed structure at /tmp/tmpmnby3whi/test_dir
2024-11-20 12:22:09,032 - konomi.utils.directory_manager - INFO - Created directory structure at /tmp/tmpczyvcsjj
2024-11-20 12:22:09,032 - konomi.utils.directory_manager - INFO - Created directory structure at /tmp/tmpczyvcsjj
2024-11-20 12:22:09,033 - konomi.utils.directory_manager - INFO - Exported template to /tmp/tmpczyvcsjj/structure.json
2024-11-20 12:22:09,033 - konomi.utils.directory_manager - INFO - Exported template to /tmp/tmpczyvcsjj/structure.json
2024-11-20 12:22:09,033 - konomi.utils.directory_manager - INFO - Imported template from /tmp/tmpczyvcsjj/structure.json
2024-11-20 12:22:09,033 - konomi.utils.directory_manager - INFO - Imported template from /tmp/tmpczyvcsjj/structure.json
2024-11-20 12:23:13,450 - konomi.utils.directory_manager - INFO - Created directory structure at /tmp/tmp9mmkz92u
2024-11-20 12:23:13,452 - konomi.utils.directory_manager - INFO - Exported template to /tmp/tmp18xixjqx/template.json
2024-11-20 12:23:13,452 - konomi.utils.directory_manager - INFO - Exported template to /tmp/tmp18xixjqx/template.json
2024-11-20 12:23:13,453 - konomi.utils.directory_manager - INFO - Imported template from /tmp/tmp18xixjqx/template.json
2024-11-20 12:23:13,453 - konomi.utils.directory_manager - INFO - Imported template from /tmp/tmp18xixjqx/template.json
2024-11-20 12:23:13,453 - konomi.utils.directory_manager - INFO - Created directory structure at /tmp/tmp18xixjqx
2024-11-20 12:23:13,453 - konomi.utils.directory_manager - INFO - Created directory structure at /tmp/tmp18xixjqx
2024-11-20 12:23:13,454 - konomi.utils.directory_manager - INFO - Created directory structure at /tmp/tmp_q07qi1i
2024-11-20 12:23:13,454 - konomi.utils.directory_manager - INFO - Created directory structure at /tmp/tmp_q07qi1i
2024-11-20 12:23:13,454 - konomi.utils.directory_manager - INFO - Created directory structure at /tmp/tmp_q07qi1i
2024-11-20 12:23:13,456 - konomi.utils.directory_manager - INFO - Created directory structure at /tmp/tmp__j594y_
2024-11-20 12:23:13,456 - konomi.utils.directory_manager - INFO - Created directory structure at /tmp/tmp__j594y_
2024-11-20 12:23:13,456 - konomi.utils.directory_manager - INFO - Created directory structure at /tmp/tmp__j594y_
2024-11-20 12:23:13,456 - konomi.utils.directory_manager - INFO - Created directory structure at /tmp/tmp__j594y_
2024-11-20 12:23:13,456 - konomi.utils.directory_manager - INFO - Listed directory contents at /tmp/tmp__j594y_
2024-11-20 12:23:13,456 - konomi.utils.directory_manager - INFO - Listed directory contents at /tmp/tmp__j594y_
2024-11-20 12:23:13,456 - konomi.utils.directory_manager - INFO - Listed directory contents at /tmp/tmp__j594y_
2024-11-20 12:23:13,456 - konomi.utils.directory_manager - INFO - Listed directory contents at /tmp/tmp__j594y_
2024-11-20 12:23:13,458 - konomi.utils.directory_manager - INFO - Created directory structure at /tmp/tmpx6lriark
2024-11-20 12:23:13,458 - konomi.utils.directory_manager - INFO - Created directory structure at /tmp/tmpx6lriark
2024-11-20 12:23:13,458 - konomi.utils.directory_manager - INFO - Created directory structure at /tmp/tmpx6lriark
2024-11-20 12:23:13,458 - konomi.utils.directory_manager - INFO - Created directory structure at /tmp/tmpx6lriark
2024-11-20 12:23:13,458 - konomi.utils.directory_manager - INFO - Created directory structure at /tmp/tmpx6lriark
2024-11-20 12:23:13,458 - konomi.utils.directory_manager - INFO - Listed directory contents at /tmp/tmpx6lriark
2024-11-20 12:23:13,458 - konomi.utils.directory_manager - INFO - Listed directory contents at /tmp/tmpx6lriark
2024-11-20 12:23:13,458 - konomi.utils.directory_manager - INFO - Listed directory contents at /tmp/tmpx6lriark
2024-11-20 12:23:13,458 - konomi.utils.directory_manager - INFO - Listed directory contents at /tmp/tmpx6lriark
2024-11-20 12:23:13,458 - konomi.utils.directory_manager - INFO - Listed directory contents at /tmp/tmpx6lriark
2024-11-20 12:23:13,458 - konomi.utils.directory_manager - INFO - Cleared operation history
2024-11-20 12:23:13,458 - konomi.utils.directory_manager - INFO - Cleared operation history
2024-11-20 12:23:13,458 - konomi.utils.directory_manager - INFO - Cleared operation history
2024-11-20 12:23:13,458 - konomi.utils.directory_manager - INFO - Cleared operation history
2024-11-20 12:23:13,458 - konomi.utils.directory_manager - INFO - Cleared operation history
2024-11-20 12:23:13,460 - konomi.utils.directory_manager - INFO - Removed structure at /tmp/tmp2nuayy3d/test_dir
2024-11-20 12:23:13,460 - konomi.utils.directory_manager - INFO - Removed structure at /tmp/tmp2nuayy3d/test_dir
2024-11-20 12:23:13,460 - konomi.utils.directory_manager - INFO - Removed structure at /tmp/tmp2nuayy3d/test_dir
2024-11-20 12:23:13,460 - konomi.utils.directory_manager - INFO - Removed structure at /tmp/tmp2nuayy3d/test_dir
2024-11-20 12:23:13,460 - konomi.utils.directory_manager - INFO - Removed structure at /tmp/tmp2nuayy3d/test_dir
2024-11-20 12:23:13,460 - konomi.utils.directory_manager - INFO - Removed structure at /tmp/tmp2nuayy3d/test_dir
2024-11-20 12:23:14,227 - konomi.utils.directory_manager - INFO - Created directory structure at /tmp/tmpzciyqrs5
2024-11-20 12:23:14,227 - konomi.utils.directory_manager - INFO - Created directory structure at /tmp/tmpzciyqrs5
2024-11-20 12:23:14,231 - konomi.utils.directory_manager - INFO - Exported template to /tmp/tmpzciyqrs5/structure.json
2024-11-20 12:23:14,231 - konomi.utils.directory_manager - INFO - Exported template to /tmp/tmpzciyqrs5/structure.json
2024-11-20 12:23:14,231 - konomi.utils.directory_manager - INFO - Imported template from /tmp/tmpzciyqrs5/structure.json
2024-11-20 12:23:14,231 - konomi.utils.directory_manager - INFO - Imported template from /tmp/tmpzciyqrs5/structure.json
