2024-11-20 12:14:27,479 - db_monitor.DatabaseMonitor - ERROR - Database query failed for db_grid/E1/database.db: Incorrect number of bindings supplied. The current statement uses 2, and there are 0 supplied.
2024-11-20 12:14:27,479 - db_monitor.DatabaseMonitor - WARNING - Failed to store metrics for database A1
2024-11-20 12:14:27,481 - db_monitor.DatabaseMonitor - ERROR - Database query failed for db_grid/E1/database.db: Incorrect number of bindings supplied. The current statement uses 2, and there are 0 supplied.
2024-11-20 12:14:27,482 - db_monitor.DatabaseMonitor - WARNING - Failed to store metrics for database A2
2024-11-20 12:14:27,484 - db_monitor.DatabaseMonitor - ERROR - Database query failed for db_grid/E1/database.db: Incorrect number of bindings supplied. The current statement uses 2, and there are 0 supplied.
2024-11-20 12:14:27,484 - db_monitor.DatabaseMonitor - WARNING - Failed to store metrics for database A3
2024-11-20 12:14:27,493 - db_monitor.DatabaseMonitor - ERROR - Database query failed for db_grid/E1/database.db: Incorrect number of bindings supplied. The current statement uses 2, and there are 0 supplied.
2024-11-20 12:14:27,493 - db_monitor.DatabaseMonitor - WARNING - Failed to store metrics for database A4
2024-11-20 12:14:27,498 - db_monitor.DatabaseMonitor - ERROR - Database query failed for db_grid/E1/database.db: Incorrect number of bindings supplied. The current statement uses 2, and there are 0 supplied.
2024-11-20 12:14:27,499 - db_monitor.DatabaseMonitor - WARNING - Failed to store metrics for database A5
2024-11-20 12:14:27,501 - db_monitor.DatabaseMonitor - ERROR - Database query failed for db_grid/E1/database.db: Incorrect number of bindings supplied. The current statement uses 2, and there are 0 supplied.
2024-11-20 12:14:27,502 - db_monitor.DatabaseMonitor - WARNING - Failed to store metrics for database B1
2024-11-20 12:14:27,505 - db_monitor.DatabaseMonitor - ERROR - Database query failed for db_grid/E1/database.db: Incorrect number of bindings supplied. The current statement uses 2, and there are 0 supplied.
2024-11-20 12:14:27,506 - db_monitor.DatabaseMonitor - WARNING - Failed to store metrics for database B2
2024-11-20 12:14:27,508 - db_monitor.DatabaseMonitor - ERROR - Database query failed for db_grid/E1/database.db: Incorrect number of bindings supplied. The current statement uses 2, and there are 0 supplied.
2024-11-20 12:14:27,508 - db_monitor.DatabaseMonitor - WARNING - Failed to store metrics for database B3
2024-11-20 12:14:27,510 - db_monitor.DatabaseMonitor - ERROR - Database query failed for db_grid/E1/database.db: Incorrect number of bindings supplied. The current statement uses 2, and there are 0 supplied.
2024-11-20 12:14:27,511 - db_monitor.DatabaseMonitor - WARNING - Failed to store metrics for database B4
2024-11-20 12:14:27,513 - db_monitor.DatabaseMonitor - ERROR - Database query failed for db_grid/E1/database.db: Incorrect number of bindings supplied. The current statement uses 2, and there are 0 supplied.
2024-11-20 12:14:27,514 - db_monitor.DatabaseMonitor - WARNING - Failed to store metrics for database B5
2024-11-20 12:14:27,517 - db_monitor.DatabaseMonitor - ERROR - Database query failed for db_grid/E1/database.db: Incorrect number of bindings supplied. The current statement uses 2, and there are 0 supplied.
2024-11-20 12:14:27,517 - db_monitor.DatabaseMonitor - WARNING - Failed to store metrics for database C1
2024-11-20 12:14:27,519 - db_monitor.DatabaseMonitor - ERROR - Database query failed for db_grid/E1/database.db: Incorrect number of bindings supplied. The current statement uses 2, and there are 0 supplied.
2024-11-20 12:14:27,520 - db_monitor.DatabaseMonitor - WARNING - Failed to store metrics for database C2
2024-11-20 12:14:27,522 - db_monitor.DatabaseMonitor - ERROR - Database query failed for db_grid/E1/database.db: Incorrect number of bindings supplied. The current statement uses 2, and there are 0 supplied.
2024-11-20 12:14:27,522 - db_monitor.DatabaseMonitor - WARNING - Failed to store metrics for database C3
2024-11-20 12:14:27,524 - db_monitor.DatabaseMonitor - ERROR - Database query failed for db_grid/E1/database.db: Incorrect number of bindings supplied. The current statement uses 2, and there are 0 supplied.
2024-11-20 12:14:27,525 - db_monitor.DatabaseMonitor - WARNING - Failed to store metrics for database C4
2024-11-20 12:14:27,527 - db_monitor.DatabaseMonitor - ERROR - Database query failed for db_grid/E1/database.db: Incorrect number of bindings supplied. The current statement uses 2, and there are 0 supplied.
2024-11-20 12:14:27,527 - db_monitor.DatabaseMonitor - WARNING - Failed to store metrics for database C5
2024-11-20 12:14:27,529 - db_monitor.DatabaseMonitor - ERROR - Database query failed for db_grid/E1/database.db: Incorrect number of bindings supplied. The current statement uses 2, and there are 0 supplied.
2024-11-20 12:14:27,529 - db_monitor.DatabaseMonitor - WARNING - Failed to store metrics for database D1
2024-11-20 12:14:27,531 - db_monitor.DatabaseMonitor - ERROR - Database query failed for db_grid/E1/database.db: Incorrect number of bindings supplied. The current statement uses 2, and there are 0 supplied.
2024-11-20 12:14:27,531 - db_monitor.DatabaseMonitor - WARNING - Failed to store metrics for database D2
2024-11-20 12:14:27,534 - db_monitor.DatabaseMonitor - ERROR - Database query failed for db_grid/E1/database.db: Incorrect number of bindings supplied. The current statement uses 2, and there are 0 supplied.
2024-11-20 12:14:27,534 - db_monitor.DatabaseMonitor - WARNING - Failed to store metrics for database D3
2024-11-20 12:14:27,537 - db_monitor.DatabaseMonitor - ERROR - Database query failed for db_grid/E1/database.db: Incorrect number of bindings supplied. The current statement uses 2, and there are 0 supplied.
2024-11-20 12:14:27,538 - db_monitor.DatabaseMonitor - WARNING - Failed to store metrics for database D4
2024-11-20 12:14:27,540 - db_monitor.DatabaseMonitor - ERROR - Database query failed for db_grid/E1/database.db: Incorrect number of bindings supplied. The current statement uses 2, and there are 0 supplied.
2024-11-20 12:14:27,540 - db_monitor.DatabaseMonitor - WARNING - Failed to store metrics for database D5
2024-11-20 12:14:27,556 - db_monitor.DatabaseMonitor - ERROR - Database query failed for db_grid/E1/database.db: Incorrect number of bindings supplied. The current statement uses 2, and there are 0 supplied.
2024-11-20 12:14:27,557 - db_monitor.DatabaseMonitor - WARNING - Failed to store metrics for database E1
2024-11-20 12:14:27,560 - db_monitor.DatabaseMonitor - ERROR - Database query failed for db_grid/E1/database.db: Incorrect number of bindings supplied. The current statement uses 2, and there are 0 supplied.
2024-11-20 12:14:27,561 - db_monitor.DatabaseMonitor - WARNING - Failed to store metrics for database E2
2024-11-20 12:14:27,563 - db_monitor.DatabaseMonitor - ERROR - Database query failed for db_grid/E1/database.db: Incorrect number of bindings supplied. The current statement uses 2, and there are 0 supplied.
2024-11-20 12:14:27,563 - db_monitor.DatabaseMonitor - WARNING - Failed to store metrics for database E3
2024-11-20 12:14:27,565 - db_monitor.DatabaseMonitor - ERROR - Database query failed for db_grid/E1/database.db: Incorrect number of bindings supplied. The current statement uses 2, and there are 0 supplied.
2024-11-20 12:14:27,565 - db_monitor.DatabaseMonitor - WARNING - Failed to store metrics for database E4
2024-11-20 12:14:27,567 - db_monitor.DatabaseMonitor - ERROR - Database query failed for db_grid/E1/database.db: Incorrect number of bindings supplied. The current statement uses 2, and there are 0 supplied.
2024-11-20 12:14:27,567 - db_monitor.DatabaseMonitor - WARNING - Failed to store metrics for database E5
2024-11-20 12:14:27,569 - db_monitor.DatabaseMonitor - ERROR - Database query failed for db_grid/E1/database.db: Incorrect number of bindings supplied. The current statement uses 2, and there are 0 supplied.
2024-11-20 12:14:27,569 - db_monitor.DatabaseMonitor - WARNING - Failed to store metrics for database F1
2024-11-20 12:14:27,572 - db_monitor.DatabaseMonitor - ERROR - Database query failed for db_grid/E1/database.db: Incorrect number of bindings supplied. The current statement uses 2, and there are 0 supplied.
2024-11-20 12:14:27,572 - db_monitor.DatabaseMonitor - WARNING - Failed to store metrics for database F2
2024-11-20 12:14:27,574 - db_monitor.DatabaseMonitor - ERROR - Database query failed for db_grid/E1/database.db: Incorrect number of bindings supplied. The current statement uses 2, and there are 0 supplied.
2024-11-20 12:14:27,574 - db_monitor.DatabaseMonitor - WARNING - Failed to store metrics for database F3
2024-11-20 12:14:27,576 - db_monitor.DatabaseMonitor - ERROR - Database query failed for db_grid/E1/database.db: Incorrect number of bindings supplied. The current statement uses 2, and there are 0 supplied.
2024-11-20 12:14:27,577 - db_monitor.DatabaseMonitor - WARNING - Failed to store metrics for database F4
2024-11-20 12:14:27,578 - db_monitor.DatabaseMonitor - ERROR - Database query failed for db_grid/E1/database.db: Incorrect number of bindings supplied. The current statement uses 2, and there are 0 supplied.
2024-11-20 12:14:27,579 - db_monitor.DatabaseMonitor - WARNING - Failed to store metrics for database F5
2024-11-20 12:14:27,581 - db_monitor.DatabaseMonitor - ERROR - Database query failed for db_grid/E1/database.db: Incorrect number of bindings supplied. The current statement uses 2, and there are 0 supplied.
2024-11-20 12:14:27,581 - db_monitor.DatabaseMonitor - WARNING - Failed to store metrics for database G1
2024-11-20 12:14:27,584 - db_monitor.DatabaseMonitor - ERROR - Database query failed for db_grid/E1/database.db: Incorrect number of bindings supplied. The current statement uses 2, and there are 0 supplied.
2024-11-20 12:14:27,585 - db_monitor.DatabaseMonitor - WARNING - Failed to store metrics for database G2
2024-11-20 12:14:27,587 - db_monitor.DatabaseMonitor - ERROR - Database query failed for db_grid/E1/database.db: Incorrect number of bindings supplied. The current statement uses 2, and there are 0 supplied.
2024-11-20 12:14:27,588 - db_monitor.DatabaseMonitor - WARNING - Failed to store metrics for database G3
2024-11-20 12:14:27,591 - db_monitor.DatabaseMonitor - ERROR - Database query failed for db_grid/E1/database.db: Incorrect number of bindings supplied. The current statement uses 2, and there are 0 supplied.
2024-11-20 12:14:27,591 - db_monitor.DatabaseMonitor - WARNING - Failed to store metrics for database G4
2024-11-20 12:14:27,594 - db_monitor.DatabaseMonitor - ERROR - Database query failed for db_grid/E1/database.db: Incorrect number of bindings supplied. The current statement uses 2, and there are 0 supplied.
2024-11-20 12:14:27,594 - db_monitor.DatabaseMonitor - WARNING - Failed to store metrics for database G5
2024-11-20 12:15:53,510 - db_monitor.DatabaseMonitor - INFO - Successfully stored metrics for database A1
2024-11-20 12:15:53,541 - db_monitor.DatabaseMonitor - INFO - Successfully stored metrics for database A2
2024-11-20 12:15:53,572 - db_monitor.DatabaseMonitor - INFO - Successfully stored metrics for database A3
2024-11-20 12:15:53,601 - db_monitor.DatabaseMonitor - INFO - Successfully stored metrics for database A4
2024-11-20 12:15:53,635 - db_monitor.DatabaseMonitor - INFO - Successfully stored metrics for database A5
2024-11-20 12:15:53,668 - db_monitor.DatabaseMonitor - INFO - Successfully stored metrics for database B1
2024-11-20 12:15:53,696 - db_monitor.DatabaseMonitor - INFO - Successfully stored metrics for database B2
2024-11-20 12:15:53,724 - db_monitor.DatabaseMonitor - INFO - Successfully stored metrics for database B3
2024-11-20 12:15:53,754 - db_monitor.DatabaseMonitor - INFO - Successfully stored metrics for database B4
2024-11-20 12:15:53,787 - db_monitor.DatabaseMonitor - INFO - Successfully stored metrics for database B5
2024-11-20 12:15:53,814 - db_monitor.DatabaseMonitor - INFO - Successfully stored metrics for database C1
2024-11-20 12:15:53,844 - db_monitor.DatabaseMonitor - INFO - Successfully stored metrics for database C2
2024-11-20 12:15:53,882 - db_monitor.DatabaseMonitor - INFO - Successfully stored metrics for database C3
2024-11-20 12:15:53,909 - db_monitor.DatabaseMonitor - INFO - Successfully stored metrics for database C4
2024-11-20 12:15:53,937 - db_monitor.DatabaseMonitor - INFO - Successfully stored metrics for database C5
2024-11-20 12:15:53,965 - db_monitor.DatabaseMonitor - INFO - Successfully stored metrics for database D1
2024-11-20 12:15:53,996 - db_monitor.DatabaseMonitor - INFO - Successfully stored metrics for database D2
2024-11-20 12:15:54,027 - db_monitor.DatabaseMonitor - INFO - Successfully stored metrics for database D3
2024-11-20 12:15:54,053 - db_monitor.DatabaseMonitor - INFO - Successfully stored metrics for database D4
2024-11-20 12:15:54,082 - db_monitor.DatabaseMonitor - INFO - Successfully stored metrics for database D5
2024-11-20 12:15:54,133 - db_monitor.DatabaseMonitor - INFO - Successfully stored metrics for database E1
2024-11-20 12:15:54,160 - db_monitor.DatabaseMonitor - INFO - Successfully stored metrics for database E2
2024-11-20 12:15:54,187 - db_monitor.DatabaseMonitor - INFO - Successfully stored metrics for database E3
2024-11-20 12:15:54,213 - db_monitor.DatabaseMonitor - INFO - Successfully stored metrics for database E4
2024-11-20 12:15:54,239 - db_monitor.DatabaseMonitor - INFO - Successfully stored metrics for database E5
2024-11-20 12:15:54,264 - db_monitor.DatabaseMonitor - INFO - Successfully stored metrics for database F1
2024-11-20 12:15:54,290 - db_monitor.DatabaseMonitor - INFO - Successfully stored metrics for database F2
2024-11-20 12:15:54,315 - db_monitor.DatabaseMonitor - INFO - Successfully stored metrics for database F3
2024-11-20 12:15:54,340 - db_monitor.DatabaseMonitor - INFO - Successfully stored metrics for database F4
2024-11-20 12:15:54,370 - db_monitor.DatabaseMonitor - INFO - Successfully stored metrics for database F5
2024-11-20 12:15:54,399 - db_monitor.DatabaseMonitor - INFO - Successfully stored metrics for database G1
2024-11-20 12:15:54,424 - db_monitor.DatabaseMonitor - INFO - Successfully stored metrics for database G2
2024-11-20 12:15:54,451 - db_monitor.DatabaseMonitor - INFO - Successfully stored metrics for database G3
2024-11-20 12:15:54,480 - db_monitor.DatabaseMonitor - INFO - Successfully stored metrics for database G4
2024-11-20 12:15:54,506 - db_monitor.DatabaseMonitor - INFO - Successfully stored metrics for database G5
2024-11-20 12:20:54,546 - db_monitor.DatabaseMonitor - INFO - Successfully stored metrics for database A1
2024-11-20 12:20:54,576 - db_monitor.DatabaseMonitor - INFO - Successfully stored metrics for database A2
2024-11-20 12:20:54,609 - db_monitor.DatabaseMonitor - INFO - Successfully stored metrics for database A3
2024-11-20 12:20:54,639 - db_monitor.DatabaseMonitor - INFO - Successfully stored metrics for database A4
2024-11-20 12:20:54,676 - db_monitor.DatabaseMonitor - INFO - Successfully stored metrics for database A5
2024-11-20 12:20:54,702 - db_monitor.DatabaseMonitor - INFO - Successfully stored metrics for database B1
2024-11-20 12:20:54,728 - db_monitor.DatabaseMonitor - INFO - Successfully stored metrics for database B2
2024-11-20 12:20:54,759 - db_monitor.DatabaseMonitor - INFO - Successfully stored metrics for database B3
2024-11-20 12:20:54,788 - db_monitor.DatabaseMonitor - INFO - Successfully stored metrics for database B4
2024-11-20 12:20:54,814 - db_monitor.DatabaseMonitor - INFO - Successfully stored metrics for database B5
2024-11-20 12:20:54,842 - db_monitor.DatabaseMonitor - INFO - Successfully stored metrics for database C1
2024-11-20 12:20:54,868 - db_monitor.DatabaseMonitor - INFO - Successfully stored metrics for database C2
2024-11-20 12:20:54,898 - db_monitor.DatabaseMonitor - INFO - Successfully stored metrics for database C3
2024-11-20 12:20:54,927 - db_monitor.DatabaseMonitor - INFO - Successfully stored metrics for database C4
2024-11-20 12:20:54,953 - db_monitor.DatabaseMonitor - INFO - Successfully stored metrics for database C5
2024-11-20 12:20:54,980 - db_monitor.DatabaseMonitor - INFO - Successfully stored metrics for database D1
2024-11-20 12:20:55,013 - db_monitor.DatabaseMonitor - INFO - Successfully stored metrics for database D2
2024-11-20 12:20:55,042 - db_monitor.DatabaseMonitor - INFO - Successfully stored metrics for database D3
2024-11-20 12:20:55,072 - db_monitor.DatabaseMonitor - INFO - Successfully stored metrics for database D4
2024-11-20 12:20:55,103 - db_monitor.DatabaseMonitor - INFO - Successfully stored metrics for database D5
2024-11-20 12:20:55,142 - db_monitor.DatabaseMonitor - INFO - Successfully stored metrics for database E1
2024-11-20 12:20:55,172 - db_monitor.DatabaseMonitor - INFO - Successfully stored metrics for database E2
2024-11-20 12:20:55,200 - db_monitor.DatabaseMonitor - INFO - Successfully stored metrics for database E3
2024-11-20 12:20:55,234 - db_monitor.DatabaseMonitor - INFO - Successfully stored metrics for database E4
2024-11-20 12:20:55,262 - db_monitor.DatabaseMonitor - INFO - Successfully stored metrics for database E5
2024-11-20 12:20:55,288 - db_monitor.DatabaseMonitor - INFO - Successfully stored metrics for database F1
2024-11-20 12:20:55,316 - db_monitor.DatabaseMonitor - INFO - Successfully stored metrics for database F2
2024-11-20 12:20:55,349 - db_monitor.DatabaseMonitor - INFO - Successfully stored metrics for database F3
2024-11-20 12:20:55,385 - db_monitor.DatabaseMonitor - INFO - Successfully stored metrics for database F4
2024-11-20 12:20:55,418 - db_monitor.DatabaseMonitor - INFO - Successfully stored metrics for database F5
2024-11-20 12:20:55,446 - db_monitor.DatabaseMonitor - INFO - Successfully stored metrics for database G1
2024-11-20 12:20:55,495 - db_monitor.DatabaseMonitor - INFO - Successfully stored metrics for database G2
2024-11-20 12:20:55,527 - db_monitor.DatabaseMonitor - INFO - Successfully stored metrics for database G3
2024-11-20 12:20:55,559 - db_monitor.DatabaseMonitor - INFO - Successfully stored metrics for database G4
2024-11-20 12:20:55,600 - db_monitor.DatabaseMonitor - INFO - Successfully stored metrics for database G5
2024-11-20 12:21:09,635 - db_monitor.DatabaseMonitor - INFO - Successfully stored metrics for database A1
2024-11-20 12:21:09,665 - db_monitor.DatabaseMonitor - INFO - Successfully stored metrics for database A2
2024-11-20 12:21:09,698 - db_monitor.DatabaseMonitor - INFO - Successfully stored metrics for database A3
2024-11-20 12:21:09,730 - db_monitor.DatabaseMonitor - INFO - Successfully stored metrics for database A4
2024-11-20 12:21:09,761 - db_monitor.DatabaseMonitor - INFO - Successfully stored metrics for database A5
2024-11-20 12:21:09,791 - db_monitor.DatabaseMonitor - INFO - Successfully stored metrics for database B1
2024-11-20 12:21:09,817 - db_monitor.DatabaseMonitor - INFO - Successfully stored metrics for database B2
2024-11-20 12:21:09,846 - db_monitor.DatabaseMonitor - INFO - Successfully stored metrics for database B3
2024-11-20 12:21:09,876 - db_monitor.DatabaseMonitor - INFO - Successfully stored metrics for database B4
2024-11-20 12:21:09,903 - db_monitor.DatabaseMonitor - INFO - Successfully stored metrics for database B5
2024-11-20 12:21:09,931 - db_monitor.DatabaseMonitor - INFO - Successfully stored metrics for database C1
2024-11-20 12:21:09,959 - db_monitor.DatabaseMonitor - INFO - Successfully stored metrics for database C2
2024-11-20 12:21:09,988 - db_monitor.DatabaseMonitor - INFO - Successfully stored metrics for database C3
2024-11-20 12:21:10,018 - db_monitor.DatabaseMonitor - INFO - Successfully stored metrics for database C4
2024-11-20 12:21:10,048 - db_monitor.DatabaseMonitor - INFO - Successfully stored metrics for database C5
2024-11-20 12:21:10,078 - db_monitor.DatabaseMonitor - INFO - Successfully stored metrics for database D1
2024-11-20 12:21:10,106 - db_monitor.DatabaseMonitor - INFO - Successfully stored metrics for database D2
2024-11-20 12:21:10,134 - db_monitor.DatabaseMonitor - INFO - Successfully stored metrics for database D3
2024-11-20 12:21:10,397 - db_monitor.DatabaseMonitor - INFO - Successfully stored metrics for database D4
2024-11-20 12:21:10,427 - db_monitor.DatabaseMonitor - INFO - Successfully stored metrics for database D5
2024-11-20 12:21:10,468 - db_monitor.DatabaseMonitor - INFO - Successfully stored metrics for database E1
2024-11-20 12:21:10,497 - db_monitor.DatabaseMonitor - INFO - Successfully stored metrics for database E2
2024-11-20 12:21:10,526 - db_monitor.DatabaseMonitor - INFO - Successfully stored metrics for database E3
2024-11-20 12:21:10,555 - db_monitor.DatabaseMonitor - INFO - Successfully stored metrics for database E4
2024-11-20 12:21:10,585 - db_monitor.DatabaseMonitor - INFO - Successfully stored metrics for database E5
2024-11-20 12:21:10,621 - db_monitor.DatabaseMonitor - INFO - Successfully stored metrics for database F1
2024-11-20 12:21:10,656 - db_monitor.DatabaseMonitor - INFO - Successfully stored metrics for database F2
2024-11-20 12:21:10,687 - db_monitor.DatabaseMonitor - INFO - Successfully stored metrics for database F3
2024-11-20 12:21:10,719 - db_monitor.DatabaseMonitor - INFO - Successfully stored metrics for database F4
2024-11-20 12:21:10,754 - db_monitor.DatabaseMonitor - INFO - Successfully stored metrics for database F5
2024-11-20 12:21:10,787 - db_monitor.DatabaseMonitor - INFO - Successfully stored metrics for database G1
2024-11-20 12:21:10,823 - db_monitor.DatabaseMonitor - INFO - Successfully stored metrics for database G2
2024-11-20 12:21:10,859 - db_monitor.DatabaseMonitor - INFO - Successfully stored metrics for database G3
2024-11-20 12:21:10,886 - db_monitor.DatabaseMonitor - INFO - Successfully stored metrics for database G4
2024-11-20 12:21:10,918 - db_monitor.DatabaseMonitor - INFO - Successfully stored metrics for database G5
2024-11-20 12:22:07,743 - db_monitor.DatabaseMonitor - INFO - Successfully stored metrics for database A1
2024-11-20 12:22:07,799 - db_monitor.DatabaseMonitor - INFO - Successfully stored metrics for database A2
2024-11-20 12:22:07,861 - db_monitor.DatabaseMonitor - INFO - Successfully stored metrics for database A3
2024-11-20 12:22:07,923 - db_monitor.DatabaseMonitor - INFO - Successfully stored metrics for database A4
2024-11-20 12:22:07,975 - db_monitor.DatabaseMonitor - INFO - Successfully stored metrics for database A5
2024-11-20 12:22:08,018 - db_monitor.DatabaseMonitor - INFO - Successfully stored metrics for database B1
2024-11-20 12:22:08,061 - db_monitor.DatabaseMonitor - INFO - Successfully stored metrics for database B2
2024-11-20 12:22:08,103 - db_monitor.DatabaseMonitor - INFO - Successfully stored metrics for database B3
2024-11-20 12:22:08,147 - db_monitor.DatabaseMonitor - INFO - Successfully stored metrics for database B4
2024-11-20 12:22:08,184 - db_monitor.DatabaseMonitor - INFO - Successfully stored metrics for database B5
2024-11-20 12:22:08,415 - db_monitor.DatabaseMonitor - INFO - Successfully stored metrics for database C1
2024-11-20 12:22:08,456 - db_monitor.DatabaseMonitor - INFO - Successfully stored metrics for database C2
2024-11-20 12:22:08,529 - db_monitor.DatabaseMonitor - INFO - Successfully stored metrics for database C3
2024-11-20 12:22:08,567 - db_monitor.DatabaseMonitor - INFO - Successfully stored metrics for database C4
2024-11-20 12:22:08,637 - db_monitor.DatabaseMonitor - INFO - Successfully stored metrics for database C5
2024-11-20 12:22:08,685 - db_monitor.DatabaseMonitor - INFO - Successfully stored metrics for database D1
2024-11-20 12:22:08,723 - db_monitor.DatabaseMonitor - INFO - Successfully stored metrics for database D2
2024-11-20 12:22:08,757 - db_monitor.DatabaseMonitor - INFO - Successfully stored metrics for database D3
2024-11-20 12:22:08,799 - db_monitor.DatabaseMonitor - INFO - Successfully stored metrics for database D4
2024-11-20 12:22:08,854 - db_monitor.DatabaseMonitor - INFO - Successfully stored metrics for database D5
2024-11-20 12:22:08,908 - db_monitor.DatabaseMonitor - INFO - Successfully stored metrics for database E1
2024-11-20 12:22:08,951 - db_monitor.DatabaseMonitor - INFO - Successfully stored metrics for database E2
2024-11-20 12:22:08,993 - db_monitor.DatabaseMonitor - INFO - Successfully stored metrics for database E3
2024-11-20 12:22:09,033 - db_monitor.DatabaseMonitor - INFO - Successfully stored metrics for database E4
2024-11-20 12:22:09,074 - db_monitor.DatabaseMonitor - INFO - Successfully stored metrics for database E5
2024-11-20 12:22:09,123 - db_monitor.DatabaseMonitor - INFO - Successfully stored metrics for database F1
2024-11-20 12:22:09,325 - db_monitor.DatabaseMonitor - INFO - Successfully stored metrics for database F2
2024-11-20 12:22:09,364 - db_monitor.DatabaseMonitor - INFO - Successfully stored metrics for database F3
2024-11-20 12:22:09,428 - db_monitor.DatabaseMonitor - INFO - Successfully stored metrics for database F4
2024-11-20 12:22:09,474 - db_monitor.DatabaseMonitor - INFO - Successfully stored metrics for database F5
2024-11-20 12:22:09,535 - db_monitor.DatabaseMonitor - INFO - Successfully stored metrics for database G1
2024-11-20 12:22:09,582 - db_monitor.DatabaseMonitor - INFO - Successfully stored metrics for database G2
2024-11-20 12:22:09,620 - db_monitor.DatabaseMonitor - INFO - Successfully stored metrics for database G3
2024-11-20 12:22:09,656 - db_monitor.DatabaseMonitor - INFO - Successfully stored metrics for database G4
2024-11-20 12:22:09,696 - db_monitor.DatabaseMonitor - INFO - Successfully stored metrics for database G5
2024-11-20 12:23:12,432 - db_monitor.DatabaseMonitor - INFO - Successfully stored metrics for database A1
2024-11-20 12:23:12,489 - db_monitor.DatabaseMonitor - INFO - Successfully stored metrics for database A2
2024-11-20 12:23:12,538 - db_monitor.DatabaseMonitor - INFO - Successfully stored metrics for database A3
2024-11-20 12:23:12,905 - db_monitor.DatabaseMonitor - INFO - Successfully stored metrics for database A4
2024-11-20 12:23:12,956 - db_monitor.DatabaseMonitor - INFO - Successfully stored metrics for database A5
2024-11-20 12:23:13,083 - db_monitor.DatabaseMonitor - INFO - Successfully stored metrics for database B1
2024-11-20 12:23:13,191 - db_monitor.DatabaseMonitor - INFO - Successfully stored metrics for database B2
2024-11-20 12:23:13,798 - db_monitor.DatabaseMonitor - INFO - Successfully stored metrics for database B3
2024-11-20 12:23:13,853 - db_monitor.DatabaseMonitor - INFO - Successfully stored metrics for database B4
2024-11-20 12:23:13,905 - db_monitor.DatabaseMonitor - INFO - Successfully stored metrics for database B5
2024-11-20 12:23:13,974 - db_monitor.DatabaseMonitor - INFO - Successfully stored metrics for database C1
2024-11-20 12:23:14,028 - db_monitor.DatabaseMonitor - INFO - Successfully stored metrics for database C2
2024-11-20 12:23:14,191 - db_monitor.DatabaseMonitor - INFO - Successfully stored metrics for database C3
2024-11-20 12:23:14,281 - db_monitor.DatabaseMonitor - INFO - Successfully stored metrics for database C4
2024-11-20 12:23:14,394 - db_monitor.DatabaseMonitor - INFO - Successfully stored metrics for database C5
2024-11-20 12:23:14,486 - db_monitor.DatabaseMonitor - INFO - Successfully stored metrics for database D1
2024-11-20 12:23:14,585 - db_monitor.DatabaseMonitor - INFO - Successfully stored metrics for database D2
2024-11-20 12:23:14,685 - db_monitor.DatabaseMonitor - INFO - Successfully stored metrics for database D3
2024-11-20 12:23:14,770 - db_monitor.DatabaseMonitor - INFO - Successfully stored metrics for database D4
2024-11-20 12:23:14,942 - db_monitor.DatabaseMonitor - INFO - Successfully stored metrics for database D5
2024-11-20 12:23:15,013 - db_monitor.DatabaseMonitor - INFO - Successfully stored metrics for database E1
2024-11-20 12:23:15,056 - db_monitor.DatabaseMonitor - INFO - Successfully stored metrics for database E2
2024-11-20 12:23:15,174 - db_monitor.DatabaseMonitor - INFO - Successfully stored metrics for database E3
2024-11-20 12:23:15,242 - db_monitor.DatabaseMonitor - INFO - Successfully stored metrics for database E4
2024-11-20 12:23:15,341 - db_monitor.DatabaseMonitor - INFO - Successfully stored metrics for database E5
2024-11-20 12:23:15,432 - db_monitor.DatabaseMonitor - INFO - Successfully stored metrics for database F1
2024-11-20 12:23:15,519 - db_monitor.DatabaseMonitor - INFO - Successfully stored metrics for database F2
2024-11-20 12:23:15,633 - db_monitor.DatabaseMonitor - INFO - Successfully stored metrics for database F3
2024-11-20 12:23:15,726 - db_monitor.DatabaseMonitor - INFO - Successfully stored metrics for database F4
2024-11-20 12:23:15,826 - db_monitor.DatabaseMonitor - INFO - Successfully stored metrics for database F5
2024-11-20 12:23:15,912 - db_monitor.DatabaseMonitor - INFO - Successfully stored metrics for database G1
2024-11-20 12:23:16,006 - db_monitor.DatabaseMonitor - INFO - Successfully stored metrics for database G2
2024-11-20 12:23:16,099 - db_monitor.DatabaseMonitor - INFO - Successfully stored metrics for database G3
2024-11-20 12:23:16,196 - db_monitor.DatabaseMonitor - INFO - Successfully stored metrics for database G4
2024-11-20 12:23:16,292 - db_monitor.DatabaseMonitor - INFO - Successfully stored metrics for database G5
